
Running 4 tests using 4 workers

🔍 [18:56:26] [SmartTable] Mapping headers... 
🔍 [18:56:26] [SmartTable] Mapping headers... 
🔍 [18:56:26] [SmartTable] Mapping headers... 
  ✘  2 tests/cross-page-navigation.spec.ts:71:9 › Stateful Cross-Page Navigation & PaginationPrimitives › TableResult correctly tracks currentPageIndex during findRows and iterates (312ms)
🔍 [18:56:26] [SmartTable] Mapped 2 columns: ["ID","Name"] 
🔍 [18:56:26] [SmartTable] Mapped 2 columns: ["ID","Name"] 
🔍 [18:56:26] [SmartTable] Mapped 2 columns: ["ID","Name"] 
  ✘  3 tests/cross-page-navigation.spec.ts:123:9 › Stateful Cross-Page Navigation & PaginationPrimitives › bringIntoView uses goToPage for instant jumping (555ms)
  ✘  1 tests/cross-page-navigation.spec.ts:93:9 › Stateful Cross-Page Navigation & PaginationPrimitives › SmartRow tracks tablePageIndex and bringIntoView loops goPrevious correctly (554ms)
  ✘  4 tests/cross-page-navigation.spec.ts:158:9 › Stateful Cross-Page Navigation & PaginationPrimitives › bringIntoView calculates goToFirst + goNext loop if no goPrevious or goToPage (572ms)


  1) tests/cross-page-navigation.spec.ts:71:9 › Stateful Cross-Page Navigation & PaginationPrimitives › TableResult correctly tracks currentPageIndex during findRows and iterates 

    Error: [2mexpect([22m[31mreceived[39m[2m).[22mtoBe[2m([22m[32mexpected[39m[2m) // Object.is equality[22m

    Expected: [32m0[39m
    Received: [31mundefined[39m

      79 |         });
      80 |
    > 81 |         expect(table.currentPageIndex).toBe(0); // Starts at 0
         |                                        ^
      82 |
      83 |         // Auto-paginates until no more Next buttons
      84 |         await table.findRows({});
        at /Users/cedrick/Documents/projects/playwright-smart-table/tests/cross-page-navigation.spec.ts:81:40

    attachment #1: screenshot (image/png) ──────────────────────────────────────────────────────────
    test-results/cross-page-navigation-Stat-57517-uring-findRows-and-iterates/test-failed-1.png
    ────────────────────────────────────────────────────────────────────────────────────────────────

    attachment #2: video (video/webm) ──────────────────────────────────────────────────────────────
    test-results/cross-page-navigation-Stat-57517-uring-findRows-and-iterates/video.webm
    ────────────────────────────────────────────────────────────────────────────────────────────────

    Error Context: test-results/cross-page-navigation-Stat-57517-uring-findRows-and-iterates/error-context.md

    attachment #4: trace (application/zip) ─────────────────────────────────────────────────────────
    test-results/cross-page-navigation-Stat-57517-uring-findRows-and-iterates/trace.zip
    Usage:

        npx playwright show-trace test-results/cross-page-navigation-Stat-57517-uring-findRows-and-iterates/trace.zip

    ────────────────────────────────────────────────────────────────────────────────────────────────

  2) tests/cross-page-navigation.spec.ts:93:9 › Stateful Cross-Page Navigation & PaginationPrimitives › SmartRow tracks tablePageIndex and bringIntoView loops goPrevious correctly 

    Error: [2mexpect([22m[31mreceived[39m[2m).[22mtoBe[2m([22m[32mexpected[39m[2m) // Object.is equality[22m

    Expected: [32m6[39m
    Received: [31m2[39m

      105 |
      106 |         const rows = await table.findRows({});
    > 107 |         expect(rows.length).toBe(6);
          |                             ^
      108 |         expect(table.currentPageIndex).toBe(2);
      109 |
      110 |         // Row 1 should be on page 1 (index 0)
        at /Users/cedrick/Documents/projects/playwright-smart-table/tests/cross-page-navigation.spec.ts:107:29

    attachment #1: screenshot (image/png) ──────────────────────────────────────────────────────────
    test-results/cross-page-navigation-Stat-44a62--loops-goPrevious-correctly/test-failed-1.png
    ────────────────────────────────────────────────────────────────────────────────────────────────

    attachment #2: video (video/webm) ──────────────────────────────────────────────────────────────
    test-results/cross-page-navigation-Stat-44a62--loops-goPrevious-correctly/video.webm
    ────────────────────────────────────────────────────────────────────────────────────────────────

    Error Context: test-results/cross-page-navigation-Stat-44a62--loops-goPrevious-correctly/error-context.md

    attachment #4: trace (application/zip) ─────────────────────────────────────────────────────────
    test-results/cross-page-navigation-Stat-44a62--loops-goPrevious-correctly/trace.zip
    Usage:

        npx playwright show-trace test-results/cross-page-navigation-Stat-44a62--loops-goPrevious-correctly/trace.zip

    ────────────────────────────────────────────────────────────────────────────────────────────────

  3) tests/cross-page-navigation.spec.ts:123:9 › Stateful Cross-Page Navigation & PaginationPrimitives › bringIntoView uses goToPage for instant jumping 

    Error: [2mexpect([22m[31mreceived[39m[2m).[22mtoBe[2m([22m[32mexpected[39m[2m) // Object.is equality[22m

    Expected: [32m2[39m
    Received: [31mundefined[39m

      146 |
      147 |         const rows = await table.findRows({});
    > 148 |         expect(table.currentPageIndex).toBe(2); // Ends on page 3
          |                                        ^
      149 |
      150 |         // Row on Page 2 (index 1)
      151 |         await rows[2].bringIntoView();
        at /Users/cedrick/Documents/projects/playwright-smart-table/tests/cross-page-navigation.spec.ts:148:40

    attachment #1: screenshot (image/png) ──────────────────────────────────────────────────────────
    test-results/cross-page-navigation-Stat-f7f05-oToPage-for-instant-jumping/test-failed-1.png
    ────────────────────────────────────────────────────────────────────────────────────────────────

    attachment #2: video (video/webm) ──────────────────────────────────────────────────────────────
    test-results/cross-page-navigation-Stat-f7f05-oToPage-for-instant-jumping/video.webm
    ────────────────────────────────────────────────────────────────────────────────────────────────

    Error Context: test-results/cross-page-navigation-Stat-f7f05-oToPage-for-instant-jumping/error-context.md

    attachment #4: trace (application/zip) ─────────────────────────────────────────────────────────
    test-results/cross-page-navigation-Stat-f7f05-oToPage-for-instant-jumping/trace.zip
    Usage:

        npx playwright show-trace test-results/cross-page-navigation-Stat-f7f05-oToPage-for-instant-jumping/trace.zip

    ────────────────────────────────────────────────────────────────────────────────────────────────

  4) tests/cross-page-navigation.spec.ts:158:9 › Stateful Cross-Page Navigation & PaginationPrimitives › bringIntoView calculates goToFirst + goNext loop if no goPrevious or goToPage 

    Error: [2mexpect([22m[31mreceived[39m[2m).[22mtoBe[2m([22m[32mexpected[39m[2m) // Object.is equality[22m

    Expected: [32m2[39m
    Received: [31mundefined[39m

      181 |
      182 |         const rows = await table.findRows({});
    > 183 |         expect(table.currentPageIndex).toBe(2); // Ends on page 3
          |                                        ^
      184 |
      185 |         // Row on Page 2 (index 1)
      186 |         await rows[2].bringIntoView();
        at /Users/cedrick/Documents/projects/playwright-smart-table/tests/cross-page-navigation.spec.ts:183:40

    attachment #1: screenshot (image/png) ──────────────────────────────────────────────────────────
    test-results/cross-page-navigation-Stat-381da-f-no-goPrevious-or-goToPage/test-failed-1.png
    ────────────────────────────────────────────────────────────────────────────────────────────────

    attachment #2: video (video/webm) ──────────────────────────────────────────────────────────────
    test-results/cross-page-navigation-Stat-381da-f-no-goPrevious-or-goToPage/video.webm
    ────────────────────────────────────────────────────────────────────────────────────────────────

    Error Context: test-results/cross-page-navigation-Stat-381da-f-no-goPrevious-or-goToPage/error-context.md

    attachment #4: trace (application/zip) ─────────────────────────────────────────────────────────
    test-results/cross-page-navigation-Stat-381da-f-no-goPrevious-or-goToPage/trace.zip
    Usage:

        npx playwright show-trace test-results/cross-page-navigation-Stat-381da-f-no-goPrevious-or-goToPage/trace.zip

    ────────────────────────────────────────────────────────────────────────────────────────────────

  4 failed
    tests/cross-page-navigation.spec.ts:71:9 › Stateful Cross-Page Navigation & PaginationPrimitives › TableResult correctly tracks currentPageIndex during findRows and iterates 
    tests/cross-page-navigation.spec.ts:93:9 › Stateful Cross-Page Navigation & PaginationPrimitives › SmartRow tracks tablePageIndex and bringIntoView loops goPrevious correctly 
    tests/cross-page-navigation.spec.ts:123:9 › Stateful Cross-Page Navigation & PaginationPrimitives › bringIntoView uses goToPage for instant jumping 
    tests/cross-page-navigation.spec.ts:158:9 › Stateful Cross-Page Navigation & PaginationPrimitives › bringIntoView calculates goToFirst + goNext loop if no goPrevious or goToPage 
